// Jest Snapshot v1, https://goo.gl/fbAQLP

exports[`matches snapshot 1`] = `
<div
  className="MuiPaper-root MuiPaper-elevation MuiPaper-rounded MuiPaper-elevation1 MuiCard-root css-pwngrv-MuiPaper-root-MuiCard-root"
  data-testid="basic-card"
  style={
    Object {
      "marginTop": 8,
    }
  }
>
  <div
    className="MuiCardContent-root css-46bh2p-MuiCardContent-root"
  >
    <h6
      className="MuiTypography-root MuiTypography-h6 MuiTypography-gutterBottom css-7hk7nn-MuiTypography-root"
    >
      title
    </h6>
    <p
      className="MuiTypography-root MuiTypography-body2 css-e784if-MuiTypography-root"
    >
      body
    </p>
  </div>
  <div
    className="MuiCardActions-root MuiCardActions-spacing css-1t6e9jv-MuiCardActions-root"
  />
</div>
`;
